// 重构日志: d21b966b
// 重构日志: 4290ed25
// 重构日志: 0f649334
// 重构日志: 0001f20a
// 重构日志: 610bb8a0
// 重构日志: 83524af4
// 同步 ID: 60a64555 @ Wed Jul 29 00:32:48 UTC 2026
// 同步 ID: 748a2cae @ Wed Jul 29 16:07:59 UTC 2026
// 重构日志: 5458769e
// 重构日志: 2c3c8f83
// 重构日志: fd5e97cf
// 同步 ID: 8096139a @ Thu Aug  6 11:53:45 UTC 2026
// 重构日志: 8873cb3e
// 同步 ID: 3fdbdbfb @ Fri Aug  7 03:53:40 UTC 2026
// 重构日志: 4ec39859
// 重构日志: 63f5e12b
// 重构日志: 8ab5a222
// 同步 ID: af5adf63 @ Fri Aug  7 16:20:26 UTC 2026
// 重构日志: 81127559
// 重构日志: 28601488
// 重构日志: f2449eea
// 重构日志: 06623aee
// 同步 ID: ec3a6d73 @ Sat Aug  8 08:07:08 UTC 2026
// 重构日志: 2b1449b0
// 同步 ID: ee1d5440 @ Sat Aug  8 15:01:43 UTC 2026
